Type test
    one As Long
    two As Long
    three As Long
    four As Long
End Type

'$Format:Off
Data 0,   0,   0
Data 0,   0,   0
Data 0,   0,   0

'$Format:On
Data 0,0,0
Data 0,0,0
Data 0,0,0

'$Format:Off
'$Format:Off
'$Format:Off
Type test2
 one   As Long
 two   As Long
 three As Long
 four  As Long
End Type

'$Format:On
Type test3
    one As Long
    two As Long
    three As Long
    four As Long
End Type

'$Format:On
Data 0,0,0
Data 0,0,0
Data 0,0,0

